nohup: ignoring input
/home/rsun@ZHANGroup.local/anaconda3/envs/cobolt/lib/python3.10/site-packages/mudata/_core/mudata.py:1598: FutureWarning: From 0.4 .update() will not pull obs/var columns from individual modalities by default anymore. Set mudata.set_options(pull_on_update=False) to adopt the new behaviour, which will become the default. Use new pull_obs/pull_var and push_obs/push_var methods for more flexibility.
  self._update_attr("var", axis=0, join_common=join_common)
/home/rsun@ZHANGroup.local/anaconda3/envs/cobolt/lib/python3.10/site-packages/mudata/_core/mudata.py:1461: FutureWarning: From 0.4 .update() will not pull obs/var columns from individual modalities by default anymore. Set mudata.set_options(pull_on_update=False) to adopt the new behaviour, which will become the default. Use new pull_obs/pull_var and push_obs/push_var methods for more flexibility.
  self._update_attr("obs", axis=1, join_common=join_common)
/home/rsun@ZHANGroup.local/anaconda3/envs/cobolt/lib/python3.10/site-packages/mudata/_core/mudata.py:1598: FutureWarning: From 0.4 .update() will not pull obs/var columns from individual modalities by default anymore. Set mudata.set_options(pull_on_update=False) to adopt the new behaviour, which will become the default. Use new pull_obs/pull_var and push_obs/push_var methods for more flexibility.
  self._update_attr("var", axis=0, join_common=join_common)
/home/rsun@ZHANGroup.local/anaconda3/envs/cobolt/lib/python3.10/site-packages/mudata/_core/mudata.py:1461: FutureWarning: From 0.4 .update() will not pull obs/var columns from individual modalities by default anymore. Set mudata.set_options(pull_on_update=False) to adopt the new behaviour, which will become the default. Use new pull_obs/pull_var and push_obs/push_var methods for more flexibility.
  self._update_attr("obs", axis=1, join_common=join_common)
A MultiomicDataset object with 2 omics:
- GeneExpr: 8082 features, 10000 cells, 2 batches.
- ChromAccess: 67313 features, 10000 cells, 2 batches.
Joint cells:
- GeneExpr, ChromAccess: 8000 cells.

  0%|          | 0/150 [00:00<?, ?it/s]
  1%|          | 1/150 [00:28<1:11:42, 28.87s/it]
  1%|▏         | 2/150 [00:56<1:09:05, 28.01s/it]
  2%|▏         | 3/150 [01:17<1:01:34, 25.13s/it]
  3%|▎         | 4/150 [01:42<1:00:55, 25.04s/it]
  3%|▎         | 5/150 [02:10<1:02:20, 25.79s/it]
  4%|▍         | 6/150 [02:37<1:02:59, 26.25s/it]
  5%|▍         | 7/150 [03:03<1:03:01, 26.45s/it]
  5%|▌         | 8/150 [03:30<1:02:52, 26.56s/it]
  6%|▌         | 9/150 [03:57<1:02:24, 26.56s/it]
  7%|▋         | 10/150 [04:25<1:03:17, 27.13s/it]
  7%|▋         | 11/150 [04:53<1:02:59, 27.19s/it]
  8%|▊         | 12/150 [05:20<1:02:22, 27.12s/it]
  9%|▊         | 13/150 [05:46<1:01:29, 26.93s/it]
  9%|▉         | 14/150 [06:14<1:01:30, 27.14s/it]
 10%|█         | 15/150 [06:41<1:00:58, 27.10s/it]
 11%|█         | 16/150 [07:09<1:01:31, 27.55s/it]
 11%|█▏        | 17/150 [07:42<1:04:45, 29.21s/it]
 12%|█▏        | 18/150 [08:13<1:05:06, 29.59s/it]
 13%|█▎        | 19/150 [08:40<1:03:16, 28.98s/it]
 13%|█▎        | 20/150 [09:09<1:02:18, 28.76s/it]
 14%|█▍        | 21/150 [09:36<1:00:40, 28.22s/it]
 15%|█▍        | 22/150 [10:03<59:54, 28.08s/it]  
 15%|█▌        | 23/150 [10:31<58:57, 27.85s/it]
 16%|█▌        | 24/150 [10:58<58:00, 27.62s/it]
 17%|█▋        | 25/150 [11:24<56:57, 27.34s/it]
 17%|█▋        | 26/150 [11:51<55:46, 26.99s/it]
 18%|█▊        | 27/150 [12:17<55:12, 26.93s/it]
 19%|█▊        | 28/150 [12:44<54:51, 26.98s/it]
 19%|█▉        | 29/150 [13:11<54:11, 26.87s/it]
 20%|██        | 30/150 [13:39<54:04, 27.04s/it]
 21%|██        | 31/150 [14:04<52:44, 26.59s/it]
 21%|██▏       | 32/150 [14:31<52:32, 26.72s/it]
 22%|██▏       | 33/150 [15:00<53:07, 27.25s/it]
 23%|██▎       | 34/150 [15:28<53:06, 27.47s/it]
 23%|██▎       | 35/150 [15:54<51:47, 27.02s/it]
 24%|██▍       | 36/150 [16:20<50:47, 26.73s/it]
 25%|██▍       | 37/150 [16:46<50:18, 26.72s/it]
 25%|██▌       | 38/150 [17:13<49:35, 26.57s/it]
 26%|██▌       | 39/150 [17:39<49:19, 26.66s/it]
 27%|██▋       | 40/150 [18:06<48:37, 26.52s/it]
 27%|██▋       | 41/150 [18:31<47:36, 26.21s/it]
 28%|██▊       | 42/150 [18:57<47:14, 26.25s/it]
 29%|██▊       | 43/150 [19:23<46:32, 26.09s/it]
 29%|██▉       | 44/150 [19:51<46:49, 26.51s/it]
 30%|███       | 45/150 [20:16<45:43, 26.13s/it]
 31%|███       | 46/150 [20:42<45:22, 26.18s/it]
 31%|███▏      | 47/150 [21:07<44:21, 25.84s/it]
 32%|███▏      | 48/150 [21:34<44:21, 26.10s/it]
 33%|███▎      | 49/150 [22:01<44:31, 26.45s/it]
 33%|███▎      | 50/150 [22:29<44:34, 26.75s/it]
 34%|███▍      | 51/150 [22:56<44:40, 27.08s/it]
 35%|███▍      | 52/150 [23:24<44:25, 27.20s/it]
 35%|███▌      | 53/150 [23:51<43:49, 27.11s/it]
 36%|███▌      | 54/150 [24:18<43:14, 27.03s/it]
 37%|███▋      | 55/150 [24:45<42:43, 26.99s/it]
 37%|███▋      | 56/150 [25:12<42:28, 27.11s/it]
 38%|███▊      | 57/150 [25:37<41:07, 26.53s/it]
 39%|███▊      | 58/150 [26:04<40:42, 26.55s/it]
 39%|███▉      | 59/150 [26:35<42:19, 27.91s/it]
 40%|████      | 60/150 [27:06<43:16, 28.85s/it]
 41%|████      | 61/150 [27:40<45:05, 30.40s/it]
 41%|████▏     | 62/150 [28:11<44:48, 30.56s/it]
 42%|████▏     | 63/150 [28:39<43:11, 29.79s/it]
 43%|████▎     | 64/150 [29:08<42:28, 29.63s/it]
 43%|████▎     | 65/150 [29:35<40:40, 28.72s/it]
 44%|████▍     | 66/150 [30:02<39:38, 28.32s/it]
 45%|████▍     | 67/150 [30:30<38:51, 28.09s/it]
 45%|████▌     | 68/150 [30:57<37:54, 27.74s/it]
 46%|████▌     | 69/150 [31:23<36:56, 27.36s/it]
 47%|████▋     | 70/150 [31:49<36:00, 27.01s/it]
 47%|████▋     | 71/150 [32:16<35:27, 26.93s/it]
 48%|████▊     | 72/150 [32:43<34:53, 26.84s/it]
 49%|████▊     | 73/150 [33:09<34:21, 26.78s/it]
 49%|████▉     | 74/150 [33:36<33:48, 26.70s/it]
 50%|█████     | 75/150 [34:03<33:34, 26.87s/it]
 51%|█████     | 76/150 [34:29<32:42, 26.52s/it]
 51%|█████▏    | 77/150 [34:56<32:31, 26.73s/it]
 52%|█████▏    | 78/150 [35:24<32:31, 27.10s/it]
 53%|█████▎    | 79/150 [35:50<31:42, 26.79s/it]
 53%|█████▎    | 80/150 [36:19<31:54, 27.35s/it]
 54%|█████▍    | 81/150 [36:47<31:42, 27.57s/it]
 55%|█████▍    | 82/150 [37:15<31:27, 27.76s/it]
 55%|█████▌    | 83/150 [37:42<30:42, 27.50s/it]
 56%|█████▌    | 84/150 [38:08<29:49, 27.11s/it]
 57%|█████▋    | 85/150 [38:37<29:50, 27.55s/it]
 57%|█████▋    | 86/150 [39:04<29:14, 27.41s/it]
 58%|█████▊    | 87/150 [39:31<28:38, 27.28s/it]
 59%|█████▊    | 88/150 [39:57<27:59, 27.08s/it]
 59%|█████▉    | 89/150 [40:25<27:40, 27.23s/it]
 60%|██████    | 90/150 [40:52<27:08, 27.14s/it]
 61%|██████    | 91/150 [41:19<26:39, 27.11s/it]
 61%|██████▏   | 92/150 [41:46<26:12, 27.12s/it]
 62%|██████▏   | 93/150 [42:13<25:49, 27.19s/it]
 63%|██████▎   | 94/150 [42:40<25:19, 27.14s/it]
 63%|██████▎   | 95/150 [43:08<25:08, 27.43s/it]
 64%|██████▍   | 96/150 [43:35<24:34, 27.31s/it]
 65%|██████▍   | 97/150 [44:03<24:06, 27.30s/it]
 65%|██████▌   | 98/150 [44:30<23:46, 27.44s/it]
 66%|██████▌   | 99/150 [44:58<23:13, 27.33s/it]
 67%|██████▋   | 100/150 [45:24<22:31, 27.03s/it]
 67%|██████▋   | 101/150 [45:52<22:14, 27.24s/it]
 68%|██████▊   | 102/150 [46:18<21:36, 27.01s/it]
 69%|██████▊   | 103/150 [46:43<20:37, 26.34s/it]
 69%|██████▉   | 104/150 [47:06<19:25, 25.35s/it]
 70%|███████   | 105/150 [47:33<19:20, 25.78s/it]
 71%|███████   | 106/150 [48:00<19:16, 26.28s/it]
 71%|███████▏  | 107/150 [48:28<19:09, 26.73s/it]
 72%|███████▏  | 108/150 [48:54<18:38, 26.64s/it]
 73%|███████▎  | 109/150 [49:20<17:58, 26.31s/it]
 73%|███████▎  | 110/150 [49:48<17:50, 26.75s/it]
 74%|███████▍  | 111/150 [50:15<17:26, 26.82s/it]
 75%|███████▍  | 112/150 [50:40<16:44, 26.43s/it]
 75%|███████▌  | 113/150 [51:08<16:32, 26.84s/it]
 76%|███████▌  | 114/150 [51:35<16:03, 26.77s/it]
 77%|███████▋  | 115/150 [52:03<15:55, 27.29s/it]
 77%|███████▋  | 116/150 [52:35<16:14, 28.65s/it]
 78%|███████▊  | 117/150 [53:10<16:44, 30.45s/it]
 79%|███████▊  | 118/150 [53:40<16:16, 30.50s/it]
 79%|███████▉  | 119/150 [54:12<15:53, 30.76s/it]
 80%|████████  | 120/150 [54:39<14:52, 29.76s/it]
 81%|████████  | 121/150 [55:09<14:26, 29.89s/it]
 81%|████████▏ | 122/150 [55:37<13:43, 29.39s/it]
 82%|████████▏ | 123/150 [56:03<12:41, 28.20s/it]
 83%|████████▎ | 124/150 [56:32<12:20, 28.46s/it]
 83%|████████▎ | 125/150 [57:00<11:46, 28.27s/it]
 84%|████████▍ | 126/150 [57:26<11:06, 27.75s/it]
 85%|████████▍ | 127/150 [57:54<10:41, 27.90s/it]
 85%|████████▌ | 128/150 [58:22<10:13, 27.87s/it]
 86%|████████▌ | 129/150 [58:47<09:26, 26.97s/it]
 87%|████████▋ | 130/150 [59:12<08:49, 26.46s/it]
 87%|████████▋ | 131/150 [59:40<08:27, 26.71s/it]
 88%|████████▊ | 132/150 [1:00:06<07:56, 26.46s/it]
 89%|████████▊ | 133/150 [1:00:32<07:29, 26.45s/it]
 89%|████████▉ | 134/150 [1:00:59<07:07, 26.71s/it]
 90%|█████████ | 135/150 [1:01:26<06:40, 26.70s/it]
 91%|█████████ | 136/150 [1:01:54<06:20, 27.20s/it]
 91%|█████████▏| 137/150 [1:02:22<05:56, 27.45s/it]
 92%|█████████▏| 138/150 [1:02:49<05:26, 27.18s/it]
 93%|█████████▎| 139/150 [1:03:18<05:04, 27.68s/it]
 93%|█████████▎| 140/150 [1:03:46<04:38, 27.84s/it]
 94%|█████████▍| 141/150 [1:04:11<04:03, 27.03s/it]
 95%|█████████▍| 142/150 [1:04:38<03:35, 26.89s/it]
 95%|█████████▌| 143/150 [1:05:06<03:10, 27.24s/it]
 96%|█████████▌| 144/150 [1:05:32<02:42, 27.05s/it]
 97%|█████████▋| 145/150 [1:06:00<02:16, 27.23s/it]
 97%|█████████▋| 146/150 [1:06:25<01:46, 26.55s/it]
 98%|█████████▊| 147/150 [1:06:50<01:18, 26.06s/it]
 99%|█████████▊| 148/150 [1:07:17<00:52, 26.48s/it]
 99%|█████████▉| 149/150 [1:07:45<00:26, 26.68s/it]
100%|██████████| 150/150 [1:08:11<00:00, 26.49s/it]
100%|██████████| 150/150 [1:08:11<00:00, 27.27s/it]
Program Over

